2026-09-16T10:18:36+00:00
288d7add3e924ad36d4e17ca802b7ef5c21a42f7

added 94 packages, and audited 95 packages in 3s

14 packages are looking for funding
  run `npm fund` for details

found 0 vulnerabilities

> cranium-substrate-kernel@1.0.0 verify
> npm run lint && npm run build && npm run verify:memory && npm run verify:synapse && npm run atomic:recovery-check && npm run verify:durable && npm run verify:lifecycle && npm run verify:conformance && npm run verify:constitution && npm run verify:constitution-runtime && npm run verify:coma


> cranium-substrate-kernel@1.0.0 lint
> tsc --noEmit


> cranium-substrate-kernel@1.0.0 build
> tsc && vite build

vite v6.4.3 building for production...
transforming...
✓ 1605 modules transformed.
rendering chunks...
computing gzip size...
dist/index.html                   1.34 kB │ gzip:   0.66 kB
dist/assets/index-BbX3o-l3.css   38.43 kB │ gzip:   6.94 kB
dist/assets/index-ZMD-Ph87.js   435.93 kB │ gzip: 111.67 kB
✓ built in 1.79s

> cranium-substrate-kernel@1.0.0 verify:memory
> tsx scripts/miracle-memory-check.ts


═══════════════════════════════════════════
  MIRACLE MEMORY — INTEGRATION CHECK
═══════════════════════════════════════════


── Genesis Seeding ──
  ✅ Genesis seeds correct atom counts
  ✅ Genesis is idempotent
  ✅ Genesis total matches expected
  ✅ CONSTITUTIONAL atoms count correct
  ✅ CANON atoms count correct
  ✅ Root axiom readable and correct tier
  ✅ Prime Directive Article 5 readable

── Write / Read / Search ──
  ✅ Strict receipt mode rejects unverifiable promotion
  ✅ Write PROVISIONAL atom
  ✅ Read returns the written atom
  ✅ Search finds by content substring
  ✅ Search finds by tag

── Promotion Pipeline ──
  ✅ Promote PROVISIONAL → CANON
  ✅ Cannot promote non-PROVISIONAL atom
  ✅ Cannot promote without receipt hash

── Quarantine / Release ──
  ✅ Quarantine a CANON atom
  ✅ Cannot quarantine without reason
  ✅ Release quarantined atom back to PROVISIONAL

── Constitutional Immutability ──
  ✅ Cannot overwrite CONSTITUTIONAL atom
  ✅ Cannot quarantine CONSTITUTIONAL atom
  ✅ CONSTITUTIONAL atom content unchanged after tamper attempt

── Journal Integrity ──
  ✅ Journal has entries for all operations
  ✅ Journal integrity chain is intact
  ✅ Journal compaction re-roots the retained chain

── Snapshot / Restore ──
  ✅ Snapshot captures current state
  ✅ Restore from snapshot succeeds

── Tamper Detection ──
  ✅ Tampered snapshot rejected on restore

── Weight Clamping ──
  ✅ CANON weight clamped to 0.90-0.99
  ✅ PROVISIONAL weight clamped to 0.01-0.89

── Demotion Block ──
  ✅ Cannot demote via write() — must use quarantine()

═══════════════════════════════════════════
  RESULTS: 30 passed, 0 failed
═══════════════════════════════════════════

  ✅ MIRACLE MEMORY CHECK PASSED
  📊 Memory state: 16 atoms, 8 journal entries
     CONSTITUTIONAL: 10
     CANON: 2
     PROVISIONAL: 4
     QUARANTINED: 0
     Journal integrity: INTACT

> cranium-substrate-kernel@1.0.0 verify:synapse
> tsx scripts/synapse-integration-check.ts

Cranium Synapse integration check passed: admission, hash binding, mismatch rejection, and fail-safe block.
  ✅ Signed attestation → GRANTED
  ✅ Replay denied, receipt chain intact
Cranium Synapse/Core transaction check passed: signed authorization, replay denial, receipt chaining.
  ✅ Execution: exact-once, consumption guard, tamper rejection
  ✅ Ed25519 primitives: verify, tamper rejection, role separation
  ✅ Forged attestation (tampered field) → ATTESTATION_HASH_MISMATCH
  ✅ Valid sig over wrong payload → ATTESTATION_SIGNATURE_PAYLOAD_MISMATCH
  ✅ Rogue key signature → ATTESTATION_SIGNATURE_INVALID

All checks passed. Signature-gated authorization is live.

> cranium-substrate-kernel@1.0.0 atomic:recovery-check
> tsx scripts/atomic-recovery-check.ts

Atomic recovery proof passed: staged crash ignored; committed recovery exact; state continuity, replay conflict, receipt binding, chain, sequence, payload, transaction-ID, duplicate-frame, and truncated-frame tampering fail closed.

> cranium-substrate-kernel@1.0.0 verify:durable
> tsx scripts/durable-authority-check.ts

(node:7566) ExperimentalWarning: SQLite is an experimental feature and might change at any time
(Use `node --trace-warnings ...` to show where the warning was created)
Durable authority check passed: SQLite WAL state, canonical receipt, restart verification, and corruption failure path.

> cranium-substrate-kernel@1.0.0 verify:lifecycle
> tsx scripts/authority-lifecycle-matrix.ts

(node:7616) ExperimentalWarning: SQLite is an experimental feature and might change at any time
(Use `node --trace-warnings ...` to show where the warning was created)
AUTHORITY_LIFECYCLE_MATRIX PASS grant=1 restart_replay=1 conflict=1 stale_version=1 tamper_detection=1

> cranium-substrate-kernel@1.0.0 verify:conformance
> tsx scripts/conformance-vectors.ts

(node:7714) ExperimentalWarning: SQLite is an experimental feature and might change at any time
(Use `node --trace-warnings ...` to show where the warning was created)
PASS	accepted-transition	Granted committed at journal sequence 1
PASS	explicit-denial	Denied committed at journal sequence 1
PASS	replay-rejection	replay returned the original committed transition and did not create a second receipt
PASS	tampered-attestation	Denied committed at journal sequence 1
PASS	expired-attestation	Denied committed at journal sequence 1
PASS	evidence-unavailable	Denied committed at journal sequence 1
PASS	namespace-conflict	Denied committed at journal sequence 1
PASS	restart-recovery	receipt verified after restart at journal sequence 1
CONFORMANCE_SUMMARY total=8 passed=8 failed=0

> cranium-substrate-kernel@1.0.0 verify:constitution
> node scripts/constitution-check.mjs

CONSTITUTION_ROOT /home/ubuntu/work/cranium-kernel
CONSTITUTION_PASS directives=8 engine_proofs=7 contract_alignment=pass

> cranium-substrate-kernel@1.0.0 verify:constitution-runtime
> tsx scripts/constitution-runtime-check.ts

CONSTITUTION_RUNTIME_PASS version=1.0.0 directives=8 invariants=10

> cranium-substrate-kernel@1.0.0 verify:coma
> tsx scripts/coma-check.ts

Coma conformance checks passed
